task 1
1 TO DO #1 uma tarefa com uma longa e pormenorizada descricao
