task 1
duration=0 slack=-1
1 DONE #1 tarefa
task already started
1 DONE #1 tarefa
