task 1
task 2
task 3
task 4
task 5
1
2
3
4
5
1 IN PROGRESS #12 análise de requisitos
2 IN PROGRESS #8 desenho
5 IN PROGRESS #17 instalação
3 IN PROGRESS #34 realização
4 IN PROGRESS #24 teste
6
duration=5 slack=-7
7
duration=5 slack=-3
8
duration=5 slack=-29
9
duration=5 slack=-19
10
duration=5 slack=-12
1 DONE #12 análise de requisitos
2 DONE #8 desenho
5 DONE #17 instalação
3 DONE #34 realização
4 DONE #24 teste
