task 1
task 2
task 3
task 4
task 5
task 6
task 7
task 8
task 9
task 10
task 11
task 12
task 13
task 14
task 15
task 16
task 17
task 18
task 19
task 20
task 21
task 22
task 23
task 24
task 25
task 26
task 27
task 28
task 29
task 30
task 31
task 32
task 33
task 34
task 35
task 36
task 37
task 38
task 39
task 40
task 41
task 42
task 43
task 44
task 45
task 46
task 47
task 48
task 49
task 50
task 51
task 52
task 53
task 54
task 55
task 56
task 57
task 58
task 59
task 60
task 61
task 62
task 63
task 64
task 65
task 66
task 67
task 68
task 69
task 70
task 71
task 72
task 73
task 74
task 75
task 76
task 77
task 78
task 79
task 80
task 81
task 82
task 83
task 84
task 85
task 86
task 87
task 88
task 89
task 90
task 91
task 92
task 93
task 94
task 95
task 96
task 97
task 98
task 99
task 100
task 101
task 102
task 103
task 104
task 105
task 106
task 107
task 108
task 109
task 110
task 111
task 112
task 113
task 114
task 115
task 116
task 117
task 118
task 119
task 120
1
2
3
4
5
6
7
8
9
10
11
12
13
14
15
16
17
18
19
20
21
22
23
24
25
26
27
28
29
30
31
32
33
34
35
36
37
38
39
40
41
42
43
44
45
46
47
48
49
50
51
52
53
54
55
56
57
58
59
60
61
62
63
64
65
66
67
68
69
70
71
72
73
74
75
76
77
78
79
80
81
82
83
84
85
86
87
88
89
90
91
92
93
94
95
96
97
98
99
100
101
102
103
104
105
106
107
108
109
110
111
112
113
114
115
116
117
118
119
120
78 IN PROGRESS #22 17VWozfysM40iiKdxLmB
80 IN PROGRESS #2 27hbPCGZFGNM8gHing4Y
111 IN PROGRESS #23 2fgQry8D5iK9MpUuspRL
108 IN PROGRESS #14 2vGLDYnhU9hlf63XBBLb
90 IN PROGRESS #36 32CYNcqTwCBV24eXX_q6
5 IN PROGRESS #1 36ld0pdS_sIZ4qJxhKMx
76 IN PROGRESS #33 3F3H35AVv6EWpzQ1nrFl
68 IN PROGRESS #5 3eNYLceYwpSUUxuvwgjB
106 IN PROGRESS #9 3jM_2oPaiUwatSkO4dsS
87 IN PROGRESS #32 3uXUy36lfzfPOIb1o01J
79 IN PROGRESS #3 4K4DahHsOorbiNChbvDZ
48 IN PROGRESS #23 5Hc73MRedmGcXEfXNisW
120 IN PROGRESS #18 5UiLnWIeOwUt1nwgxPyx
49 IN PROGRESS #10 621xMzQ8ZrQf0nxXOcpq
74 IN PROGRESS #14 6zIbWUAshUr_PHXq0W_i
56 IN PROGRESS #2 7hwXQiHINBMuI0_QDJWY
24 IN PROGRESS #40 7iqBmhX3YeCIcsAbMlKi
7 IN PROGRESS #19 9rszJj6WRQv7W0HMRX0X
13 IN PROGRESS #46 A30GbAztQfW3DtIVaE79
53 IN PROGRESS #23 ACGHgRkID78Xj9whz8aW
43 IN PROGRESS #43 AbgOaPdRhBCv3uCWXMBk
23 IN PROGRESS #36 C90Zjxu8jSYEDp3UgrIY
21 IN PROGRESS #50 CBX39xiF5fj2U5yHdAK_
103 IN PROGRESS #35 DdzmTK7dlTXm9_hT7Hog
67 IN PROGRESS #13 E4eiiSKQVjrx7Nt5fOp1
10 IN PROGRESS #43 FVVJtFC3m24yL3HkDx20
1 IN PROGRESS #28 FsalofS4A7GkPOqLk3vQ
91 IN PROGRESS #45 Fv4HiuHYFvwLLXPrKf2G
60 IN PROGRESS #18 Gt1uEh33I2p23FueMJGJ
51 IN PROGRESS #40 GxQhGMkzv2bltavian1V
63 IN PROGRESS #25 Gzs_1BOPThVCgRDjon6h
113 IN PROGRESS #31 HAK_8qR732E8WicllIT7
116 IN PROGRESS #3 HSf7Gvy8ZT13607PK1hf
109 IN PROGRESS #44 HuV9MfoAq2sG2IyEq8SG
114 IN PROGRESS #32 HyldOdQusRNEhjaI4wA5
73 IN PROGRESS #23 J4IbNTPjErM0Ch91yqAy
32 IN PROGRESS #34 JAlDIg4e6P0oUUA6HGNt
4 IN PROGRESS #34 Jup1FODQ3dBeO0NUY7PW
115 IN PROGRESS #19 L59TkF9jHpROBzP97UnR
61 IN PROGRESS #21 MnUBehDqw6pq7m_WxccA
52 IN PROGRESS #17 NHGEa_O4XXDHJ8Bgo9Gv
92 IN PROGRESS #21 O5gUT2TNZIZa6nBUzIbe
15 IN PROGRESS #39 OYVUA8v5BYJkwiLCS2ck
95 IN PROGRESS #37 Od0v8q3njIeep7ssyVIc
38 IN PROGRESS #18 Pdj2w1BDz0GHFU5_FRx0
26 IN PROGRESS #9 PzJYJubKjFGNkpICPeda
98 IN PROGRESS #42 QIa_5NtR1TD2KToNZiPE
84 IN PROGRESS #9 QeUzHKioxCKezsvbhveK
119 IN PROGRESS #17 QrbXMFqZoDJlZ7K1iAZ_
86 IN PROGRESS #14 SWjnH3Gq8tVkf9qQN6Rv
81 IN PROGRESS #10 T1fkhN2ZP7q8XZCGEx_d
50 IN PROGRESS #41 U5QnZiU96sz2FRpVoWQr
14 IN PROGRESS #33 UOXAtGN_CDxjUNZzbpkn
42 IN PROGRESS #35 WR820LR4sqcF2fpNnFG5
117 IN PROGRESS #28 WUzb9WfWYxfsm_TtZjw9
37 IN PROGRESS #34 X7d2X1fieUuDb0hHiNUX
83 IN PROGRESS #34 XAhdp9XtWWbxe44rxPNo
102 IN PROGRESS #45 YFTFFrhCRFXle94gmdkA
41 IN PROGRESS #35 Y_gLgzAw2JXAi8XjxgMk
100 IN PROGRESS #1 _D9GLzJqoSOk_RUVxt2D
97 IN PROGRESS #45 _OO2q13iMLw2iOnFvHzW
75 IN PROGRESS #48 _s82Hqot4jbtpfFGh7h8
96 IN PROGRESS #3 _wUv179faA1MPzI4yLgW
33 IN PROGRESS #5 aU08rMAgt0UL5m45lHy_
118 IN PROGRESS #12 akRIite0uoE7bkzeauRz
57 IN PROGRESS #16 bapi6MC35He2C21mHAJG
71 IN PROGRESS #25 boZgMtVMheCxCZ261zGX
18 IN PROGRESS #27 cJDbL09mD8JEgkA5NEZ7
58 IN PROGRESS #14 dP3RyzXmYpF_c6lMQtGz
101 IN PROGRESS #27 eSKOByBnTA99w7IX2gKG
31 IN PROGRESS #28 ebitBzBuXEFk0RDcWXP0
45 IN PROGRESS #9 eurmSBbv0t6D0aYKKqGR
46 IN PROGRESS #10 frWk7Ek_j8DJzSf0lUSK
54 IN PROGRESS #25 g3om3SfQlDNeBgxoDCTH
85 IN PROGRESS #16 gqrno60_CFphPbCnkzl6
22 IN PROGRESS #15 hOsUiWPwFgNJyOmubv__
6 IN PROGRESS #18 i5nfzkCeOup91fKGUYmf
30 IN PROGRESS #44 iFdmWEr0OmmHIDujDZUg
70 IN PROGRESS #38 iIlfqWqbawFkulqzhXvY
8 IN PROGRESS #6 iRlzIYZbAOah8VB3wfg2
35 IN PROGRESS #4 iWsRwpy0syUX4tDqmm9h
2 IN PROGRESS #45 jEbgHfV6EU8PD44I7qKa
88 IN PROGRESS #41 jGvcVhXt644Qfa8mwrIA
107 IN PROGRESS #31 jOJRhq4nigaeniSAMIoJ
112 IN PROGRESS #40 jfAWJ9ZqHAK2q9Yx_b0y
65 IN PROGRESS #13 kBiSTu2V_AIHjRr9webZ
64 IN PROGRESS #43 kQsdbl_AsE9hUFVZaVqw
69 IN PROGRESS #28 kx98dNothDtk08iVX3p1
104 IN PROGRESS #21 mC73eS5oXRTBFpht8xG_
77 IN PROGRESS #23 mCgHecDqUuL8KzQZA96H
17 IN PROGRESS #48 mDv3Cj0vNv_LuL0zT0td
110 IN PROGRESS #19 muSqRzzI3TS72B8PLw4G
34 IN PROGRESS #15 nBmnp90EHI0h1tqIns9e
27 IN PROGRESS #41 nRaCFgGnRyIOXC3YUCPW
3 IN PROGRESS #12 nVAPQk_ZrnucqlomKsBL
19 IN PROGRESS #12 nbQDd6xIfsvYNskOF2yJ
55 IN PROGRESS #29 neBaSRXcEXTjmZl5DwYe
105 IN PROGRESS #33 nvqyOyj8aZs9q3Tqvbeo
40 IN PROGRESS #23 o0PyP2osEKzGRjWPp4YZ
72 IN PROGRESS #8 oGVxNYs0FOaIqF76mfok
94 IN PROGRESS #6 oONVjBNBU2eml7XTu_xN
59 IN PROGRESS #35 oPLe3ILRf3N0Tn1xOMpc
12 IN PROGRESS #47 pZ9b7ileHrsqHr8Ykaz7
16 IN PROGRESS #9 pgt0GgitjE8MvLENn8V0
20 IN PROGRESS #14 piAgSzdIbNT7Zn_ddZA2
29 IN PROGRESS #49 qc8_ccrM9iyV7NvKYTz8
9 IN PROGRESS #1 rywebivJOd3NvExHNHDp
66 IN PROGRESS #9 tABihGYkm2kkzsXw8GmO
62 IN PROGRESS #3 tIFDnmdLue4gaSWKLtig
89 IN PROGRESS #32 uAB5dkvLE9Av960gSZM3
47 IN PROGRESS #19 upYcnRslL47pPySzdG4B
25 IN PROGRESS #19 vQO0yhQaYCyLGEGABh_j
93 IN PROGRESS #24 wG0x8LmDFBqRAnxCFfNd
44 IN PROGRESS #48 xILbTvWuq80kNyUBM1wJ
11 IN PROGRESS #39 yC42325oQ9w2cnpszV4V
36 IN PROGRESS #13 yoNwRMO4PnST7CujZCiR
82 IN PROGRESS #35 ypyeKsnP8iRsEze7tuH3
39 IN PROGRESS #9 z1EHUQhzhuSuOQonyBs7
99 IN PROGRESS #40 zTd1D6fi_CHrf0YNKeLU
28 IN PROGRESS #50 zseXH1gsL8Ul_pFprr5Y
1 1 FsalofS4A7GkPOqLk3vQ
2 2 jEbgHfV6EU8PD44I7qKa
3 3 nVAPQk_ZrnucqlomKsBL
4 4 Jup1FODQ3dBeO0NUY7PW
5 5 36ld0pdS_sIZ4qJxhKMx
6 6 i5nfzkCeOup91fKGUYmf
7 7 9rszJj6WRQv7W0HMRX0X
8 8 iRlzIYZbAOah8VB3wfg2
9 9 rywebivJOd3NvExHNHDp
10 10 FVVJtFC3m24yL3HkDx20
11 11 yC42325oQ9w2cnpszV4V
12 12 pZ9b7ileHrsqHr8Ykaz7
13 13 A30GbAztQfW3DtIVaE79
14 14 UOXAtGN_CDxjUNZzbpkn
15 15 OYVUA8v5BYJkwiLCS2ck
16 16 pgt0GgitjE8MvLENn8V0
17 17 mDv3Cj0vNv_LuL0zT0td
18 18 cJDbL09mD8JEgkA5NEZ7
19 19 nbQDd6xIfsvYNskOF2yJ
20 20 piAgSzdIbNT7Zn_ddZA2
21 21 CBX39xiF5fj2U5yHdAK_
22 22 hOsUiWPwFgNJyOmubv__
23 23 C90Zjxu8jSYEDp3UgrIY
24 24 7iqBmhX3YeCIcsAbMlKi
25 25 vQO0yhQaYCyLGEGABh_j
26 26 PzJYJubKjFGNkpICPeda
27 27 nRaCFgGnRyIOXC3YUCPW
28 28 zseXH1gsL8Ul_pFprr5Y
29 29 qc8_ccrM9iyV7NvKYTz8
30 30 iFdmWEr0OmmHIDujDZUg
31 31 ebitBzBuXEFk0RDcWXP0
32 32 JAlDIg4e6P0oUUA6HGNt
33 33 aU08rMAgt0UL5m45lHy_
34 34 nBmnp90EHI0h1tqIns9e
35 35 iWsRwpy0syUX4tDqmm9h
36 36 yoNwRMO4PnST7CujZCiR
37 37 X7d2X1fieUuDb0hHiNUX
38 38 Pdj2w1BDz0GHFU5_FRx0
39 39 z1EHUQhzhuSuOQonyBs7
40 40 o0PyP2osEKzGRjWPp4YZ
41 41 Y_gLgzAw2JXAi8XjxgMk
42 42 WR820LR4sqcF2fpNnFG5
43 43 AbgOaPdRhBCv3uCWXMBk
44 44 xILbTvWuq80kNyUBM1wJ
45 45 eurmSBbv0t6D0aYKKqGR
46 46 frWk7Ek_j8DJzSf0lUSK
47 47 upYcnRslL47pPySzdG4B
48 48 5Hc73MRedmGcXEfXNisW
49 49 621xMzQ8ZrQf0nxXOcpq
50 50 U5QnZiU96sz2FRpVoWQr
51 51 GxQhGMkzv2bltavian1V
52 52 NHGEa_O4XXDHJ8Bgo9Gv
53 53 ACGHgRkID78Xj9whz8aW
54 54 g3om3SfQlDNeBgxoDCTH
55 55 neBaSRXcEXTjmZl5DwYe
56 56 7hwXQiHINBMuI0_QDJWY
57 57 bapi6MC35He2C21mHAJG
58 58 dP3RyzXmYpF_c6lMQtGz
59 59 oPLe3ILRf3N0Tn1xOMpc
60 60 Gt1uEh33I2p23FueMJGJ
61 61 MnUBehDqw6pq7m_WxccA
62 62 tIFDnmdLue4gaSWKLtig
63 63 Gzs_1BOPThVCgRDjon6h
64 64 kQsdbl_AsE9hUFVZaVqw
65 65 kBiSTu2V_AIHjRr9webZ
66 66 tABihGYkm2kkzsXw8GmO
67 67 E4eiiSKQVjrx7Nt5fOp1
68 68 3eNYLceYwpSUUxuvwgjB
69 69 kx98dNothDtk08iVX3p1
70 70 iIlfqWqbawFkulqzhXvY
71 71 boZgMtVMheCxCZ261zGX
72 72 oGVxNYs0FOaIqF76mfok
73 73 J4IbNTPjErM0Ch91yqAy
74 74 6zIbWUAshUr_PHXq0W_i
75 75 _s82Hqot4jbtpfFGh7h8
76 76 3F3H35AVv6EWpzQ1nrFl
77 77 mCgHecDqUuL8KzQZA96H
78 78 17VWozfysM40iiKdxLmB
79 79 4K4DahHsOorbiNChbvDZ
80 80 27hbPCGZFGNM8gHing4Y
81 81 T1fkhN2ZP7q8XZCGEx_d
82 82 ypyeKsnP8iRsEze7tuH3
83 83 XAhdp9XtWWbxe44rxPNo
84 84 QeUzHKioxCKezsvbhveK
85 85 gqrno60_CFphPbCnkzl6
86 86 SWjnH3Gq8tVkf9qQN6Rv
87 87 3uXUy36lfzfPOIb1o01J
88 88 jGvcVhXt644Qfa8mwrIA
89 89 uAB5dkvLE9Av960gSZM3
90 90 32CYNcqTwCBV24eXX_q6
91 91 Fv4HiuHYFvwLLXPrKf2G
92 92 O5gUT2TNZIZa6nBUzIbe
93 93 wG0x8LmDFBqRAnxCFfNd
94 94 oONVjBNBU2eml7XTu_xN
95 95 Od0v8q3njIeep7ssyVIc
96 96 _wUv179faA1MPzI4yLgW
97 97 _OO2q13iMLw2iOnFvHzW
98 98 QIa_5NtR1TD2KToNZiPE
99 99 zTd1D6fi_CHrf0YNKeLU
100 100 _D9GLzJqoSOk_RUVxt2D
101 101 eSKOByBnTA99w7IX2gKG
102 102 YFTFFrhCRFXle94gmdkA
103 103 DdzmTK7dlTXm9_hT7Hog
104 104 mC73eS5oXRTBFpht8xG_
105 105 nvqyOyj8aZs9q3Tqvbeo
106 106 3jM_2oPaiUwatSkO4dsS
107 107 jOJRhq4nigaeniSAMIoJ
108 108 2vGLDYnhU9hlf63XBBLb
109 109 HuV9MfoAq2sG2IyEq8SG
110 110 muSqRzzI3TS72B8PLw4G
111 111 2fgQry8D5iK9MpUuspRL
112 112 jfAWJ9ZqHAK2q9Yx_b0y
113 113 HAK_8qR732E8WicllIT7
114 114 HyldOdQusRNEhjaI4wA5
115 115 L59TkF9jHpROBzP97UnR
116 116 HSf7Gvy8ZT13607PK1hf
117 117 WUzb9WfWYxfsm_TtZjw9
118 118 akRIite0uoE7bkzeauRz
119 119 QrbXMFqZoDJlZ7K1iAZ_
120 120 5UiLnWIeOwUt1nwgxPyx
121
duration=120 slack=92
122
duration=120 slack=75
123
duration=120 slack=108
124
duration=120 slack=86
125
duration=120 slack=119
126
duration=120 slack=102
127
duration=120 slack=101
128
duration=120 slack=114
129
duration=120 slack=119
130
duration=120 slack=77
131
duration=120 slack=81
132
duration=120 slack=73
133
duration=120 slack=74
134
duration=120 slack=87
135
duration=120 slack=81
136
duration=120 slack=111
137
duration=120 slack=72
138
duration=120 slack=93
139
duration=120 slack=108
140
duration=120 slack=106
141
duration=120 slack=70
142
duration=120 slack=105
143
duration=120 slack=84
144
duration=120 slack=80
145
duration=120 slack=101
146
duration=120 slack=111
147
duration=120 slack=79
148
duration=120 slack=70
149
duration=120 slack=71
150
duration=120 slack=76
151
duration=120 slack=92
152
duration=120 slack=86
153
duration=120 slack=115
154
duration=120 slack=105
155
duration=120 slack=116
156
duration=120 slack=107
157
duration=120 slack=86
158
duration=120 slack=102
159
duration=120 slack=111
160
duration=120 slack=97
161
duration=120 slack=85
162
duration=120 slack=85
163
duration=120 slack=77
164
duration=120 slack=72
165
duration=120 slack=111
166
duration=120 slack=110
167
duration=120 slack=101
168
duration=120 slack=97
169
duration=120 slack=110
170
duration=120 slack=79
171
duration=120 slack=80
172
duration=120 slack=103
173
duration=120 slack=97
174
duration=120 slack=95
175
duration=120 slack=91
176
duration=120 slack=118
177
duration=120 slack=104
178
duration=120 slack=106
179
duration=120 slack=85
180
duration=120 slack=102
181
duration=120 slack=99
182
duration=120 slack=117
183
duration=120 slack=95
184
duration=120 slack=77
185
duration=120 slack=107
186
duration=120 slack=111
187
duration=120 slack=107
188
duration=120 slack=115
189
duration=120 slack=92
190
duration=120 slack=82
191
duration=120 slack=95
192
duration=120 slack=112
193
duration=120 slack=97
194
duration=120 slack=106
195
duration=120 slack=72
196
duration=120 slack=87
197
duration=120 slack=97
198
duration=120 slack=98
199
duration=120 slack=117
200
duration=120 slack=118
201
duration=120 slack=110
202
duration=120 slack=85
203
duration=120 slack=86
204
duration=120 slack=111
205
duration=120 slack=104
206
duration=120 slack=106
207
duration=120 slack=88
208
duration=120 slack=79
209
duration=120 slack=88
210
duration=120 slack=84
211
duration=120 slack=75
212
duration=120 slack=99
213
duration=120 slack=96
214
duration=120 slack=114
215
duration=120 slack=83
216
duration=120 slack=117
217
duration=120 slack=75
218
duration=120 slack=78
219
duration=120 slack=80
220
duration=120 slack=119
221
duration=120 slack=93
222
duration=120 slack=75
223
duration=120 slack=85
224
duration=120 slack=99
225
duration=120 slack=87
226
duration=120 slack=111
227
duration=120 slack=89
228
duration=120 slack=106
229
duration=120 slack=76
230
duration=120 slack=101
231
duration=120 slack=97
232
duration=120 slack=80
233
duration=120 slack=89
234
duration=120 slack=88
235
duration=120 slack=101
236
duration=120 slack=117
237
duration=120 slack=92
238
duration=120 slack=108
239
duration=120 slack=103
240
duration=120 slack=102
78 DONE #22 17VWozfysM40iiKdxLmB
80 DONE #2 27hbPCGZFGNM8gHing4Y
111 DONE #23 2fgQry8D5iK9MpUuspRL
108 DONE #14 2vGLDYnhU9hlf63XBBLb
90 DONE #36 32CYNcqTwCBV24eXX_q6
5 DONE #1 36ld0pdS_sIZ4qJxhKMx
76 DONE #33 3F3H35AVv6EWpzQ1nrFl
68 DONE #5 3eNYLceYwpSUUxuvwgjB
106 DONE #9 3jM_2oPaiUwatSkO4dsS
87 DONE #32 3uXUy36lfzfPOIb1o01J
79 DONE #3 4K4DahHsOorbiNChbvDZ
48 DONE #23 5Hc73MRedmGcXEfXNisW
120 DONE #18 5UiLnWIeOwUt1nwgxPyx
49 DONE #10 621xMzQ8ZrQf0nxXOcpq
74 DONE #14 6zIbWUAshUr_PHXq0W_i
56 DONE #2 7hwXQiHINBMuI0_QDJWY
24 DONE #40 7iqBmhX3YeCIcsAbMlKi
7 DONE #19 9rszJj6WRQv7W0HMRX0X
13 DONE #46 A30GbAztQfW3DtIVaE79
53 DONE #23 ACGHgRkID78Xj9whz8aW
43 DONE #43 AbgOaPdRhBCv3uCWXMBk
23 DONE #36 C90Zjxu8jSYEDp3UgrIY
21 DONE #50 CBX39xiF5fj2U5yHdAK_
103 DONE #35 DdzmTK7dlTXm9_hT7Hog
67 DONE #13 E4eiiSKQVjrx7Nt5fOp1
10 DONE #43 FVVJtFC3m24yL3HkDx20
1 DONE #28 FsalofS4A7GkPOqLk3vQ
91 DONE #45 Fv4HiuHYFvwLLXPrKf2G
60 DONE #18 Gt1uEh33I2p23FueMJGJ
51 DONE #40 GxQhGMkzv2bltavian1V
63 DONE #25 Gzs_1BOPThVCgRDjon6h
113 DONE #31 HAK_8qR732E8WicllIT7
116 DONE #3 HSf7Gvy8ZT13607PK1hf
109 DONE #44 HuV9MfoAq2sG2IyEq8SG
114 DONE #32 HyldOdQusRNEhjaI4wA5
73 DONE #23 J4IbNTPjErM0Ch91yqAy
32 DONE #34 JAlDIg4e6P0oUUA6HGNt
4 DONE #34 Jup1FODQ3dBeO0NUY7PW
115 DONE #19 L59TkF9jHpROBzP97UnR
61 DONE #21 MnUBehDqw6pq7m_WxccA
52 DONE #17 NHGEa_O4XXDHJ8Bgo9Gv
92 DONE #21 O5gUT2TNZIZa6nBUzIbe
15 DONE #39 OYVUA8v5BYJkwiLCS2ck
95 DONE #37 Od0v8q3njIeep7ssyVIc
38 DONE #18 Pdj2w1BDz0GHFU5_FRx0
26 DONE #9 PzJYJubKjFGNkpICPeda
98 DONE #42 QIa_5NtR1TD2KToNZiPE
84 DONE #9 QeUzHKioxCKezsvbhveK
119 DONE #17 QrbXMFqZoDJlZ7K1iAZ_
86 DONE #14 SWjnH3Gq8tVkf9qQN6Rv
81 DONE #10 T1fkhN2ZP7q8XZCGEx_d
50 DONE #41 U5QnZiU96sz2FRpVoWQr
14 DONE #33 UOXAtGN_CDxjUNZzbpkn
42 DONE #35 WR820LR4sqcF2fpNnFG5
117 DONE #28 WUzb9WfWYxfsm_TtZjw9
37 DONE #34 X7d2X1fieUuDb0hHiNUX
83 DONE #34 XAhdp9XtWWbxe44rxPNo
102 DONE #45 YFTFFrhCRFXle94gmdkA
41 DONE #35 Y_gLgzAw2JXAi8XjxgMk
100 DONE #1 _D9GLzJqoSOk_RUVxt2D
97 DONE #45 _OO2q13iMLw2iOnFvHzW
75 DONE #48 _s82Hqot4jbtpfFGh7h8
96 DONE #3 _wUv179faA1MPzI4yLgW
33 DONE #5 aU08rMAgt0UL5m45lHy_
118 DONE #12 akRIite0uoE7bkzeauRz
57 DONE #16 bapi6MC35He2C21mHAJG
71 DONE #25 boZgMtVMheCxCZ261zGX
18 DONE #27 cJDbL09mD8JEgkA5NEZ7
58 DONE #14 dP3RyzXmYpF_c6lMQtGz
101 DONE #27 eSKOByBnTA99w7IX2gKG
31 DONE #28 ebitBzBuXEFk0RDcWXP0
45 DONE #9 eurmSBbv0t6D0aYKKqGR
46 DONE #10 frWk7Ek_j8DJzSf0lUSK
54 DONE #25 g3om3SfQlDNeBgxoDCTH
85 DONE #16 gqrno60_CFphPbCnkzl6
22 DONE #15 hOsUiWPwFgNJyOmubv__
6 DONE #18 i5nfzkCeOup91fKGUYmf
30 DONE #44 iFdmWEr0OmmHIDujDZUg
70 DONE #38 iIlfqWqbawFkulqzhXvY
8 DONE #6 iRlzIYZbAOah8VB3wfg2
35 DONE #4 iWsRwpy0syUX4tDqmm9h
2 DONE #45 jEbgHfV6EU8PD44I7qKa
88 DONE #41 jGvcVhXt644Qfa8mwrIA
107 DONE #31 jOJRhq4nigaeniSAMIoJ
112 DONE #40 jfAWJ9ZqHAK2q9Yx_b0y
65 DONE #13 kBiSTu2V_AIHjRr9webZ
64 DONE #43 kQsdbl_AsE9hUFVZaVqw
69 DONE #28 kx98dNothDtk08iVX3p1
104 DONE #21 mC73eS5oXRTBFpht8xG_
77 DONE #23 mCgHecDqUuL8KzQZA96H
17 DONE #48 mDv3Cj0vNv_LuL0zT0td
110 DONE #19 muSqRzzI3TS72B8PLw4G
34 DONE #15 nBmnp90EHI0h1tqIns9e
27 DONE #41 nRaCFgGnRyIOXC3YUCPW
3 DONE #12 nVAPQk_ZrnucqlomKsBL
19 DONE #12 nbQDd6xIfsvYNskOF2yJ
55 DONE #29 neBaSRXcEXTjmZl5DwYe
105 DONE #33 nvqyOyj8aZs9q3Tqvbeo
40 DONE #23 o0PyP2osEKzGRjWPp4YZ
72 DONE #8 oGVxNYs0FOaIqF76mfok
94 DONE #6 oONVjBNBU2eml7XTu_xN
59 DONE #35 oPLe3ILRf3N0Tn1xOMpc
12 DONE #47 pZ9b7ileHrsqHr8Ykaz7
16 DONE #9 pgt0GgitjE8MvLENn8V0
20 DONE #14 piAgSzdIbNT7Zn_ddZA2
29 DONE #49 qc8_ccrM9iyV7NvKYTz8
9 DONE #1 rywebivJOd3NvExHNHDp
66 DONE #9 tABihGYkm2kkzsXw8GmO
62 DONE #3 tIFDnmdLue4gaSWKLtig
89 DONE #32 uAB5dkvLE9Av960gSZM3
47 DONE #19 upYcnRslL47pPySzdG4B
25 DONE #19 vQO0yhQaYCyLGEGABh_j
93 DONE #24 wG0x8LmDFBqRAnxCFfNd
44 DONE #48 xILbTvWuq80kNyUBM1wJ
11 DONE #39 yC42325oQ9w2cnpszV4V
36 DONE #13 yoNwRMO4PnST7CujZCiR
82 DONE #35 ypyeKsnP8iRsEze7tuH3
39 DONE #9 z1EHUQhzhuSuOQonyBs7
99 DONE #40 zTd1D6fi_CHrf0YNKeLU
28 DONE #50 zseXH1gsL8Ul_pFprr5Y
1 1 FsalofS4A7GkPOqLk3vQ
2 2 jEbgHfV6EU8PD44I7qKa
3 3 nVAPQk_ZrnucqlomKsBL
4 4 Jup1FODQ3dBeO0NUY7PW
5 5 36ld0pdS_sIZ4qJxhKMx
6 6 i5nfzkCeOup91fKGUYmf
7 7 9rszJj6WRQv7W0HMRX0X
8 8 iRlzIYZbAOah8VB3wfg2
9 9 rywebivJOd3NvExHNHDp
10 10 FVVJtFC3m24yL3HkDx20
11 11 yC42325oQ9w2cnpszV4V
12 12 pZ9b7ileHrsqHr8Ykaz7
13 13 A30GbAztQfW3DtIVaE79
14 14 UOXAtGN_CDxjUNZzbpkn
15 15 OYVUA8v5BYJkwiLCS2ck
16 16 pgt0GgitjE8MvLENn8V0
17 17 mDv3Cj0vNv_LuL0zT0td
18 18 cJDbL09mD8JEgkA5NEZ7
19 19 nbQDd6xIfsvYNskOF2yJ
20 20 piAgSzdIbNT7Zn_ddZA2
21 21 CBX39xiF5fj2U5yHdAK_
22 22 hOsUiWPwFgNJyOmubv__
23 23 C90Zjxu8jSYEDp3UgrIY
24 24 7iqBmhX3YeCIcsAbMlKi
25 25 vQO0yhQaYCyLGEGABh_j
26 26 PzJYJubKjFGNkpICPeda
27 27 nRaCFgGnRyIOXC3YUCPW
28 28 zseXH1gsL8Ul_pFprr5Y
29 29 qc8_ccrM9iyV7NvKYTz8
30 30 iFdmWEr0OmmHIDujDZUg
31 31 ebitBzBuXEFk0RDcWXP0
32 32 JAlDIg4e6P0oUUA6HGNt
33 33 aU08rMAgt0UL5m45lHy_
34 34 nBmnp90EHI0h1tqIns9e
35 35 iWsRwpy0syUX4tDqmm9h
36 36 yoNwRMO4PnST7CujZCiR
37 37 X7d2X1fieUuDb0hHiNUX
38 38 Pdj2w1BDz0GHFU5_FRx0
39 39 z1EHUQhzhuSuOQonyBs7
40 40 o0PyP2osEKzGRjWPp4YZ
41 41 Y_gLgzAw2JXAi8XjxgMk
42 42 WR820LR4sqcF2fpNnFG5
43 43 AbgOaPdRhBCv3uCWXMBk
44 44 xILbTvWuq80kNyUBM1wJ
45 45 eurmSBbv0t6D0aYKKqGR
46 46 frWk7Ek_j8DJzSf0lUSK
47 47 upYcnRslL47pPySzdG4B
48 48 5Hc73MRedmGcXEfXNisW
49 49 621xMzQ8ZrQf0nxXOcpq
50 50 U5QnZiU96sz2FRpVoWQr
51 51 GxQhGMkzv2bltavian1V
52 52 NHGEa_O4XXDHJ8Bgo9Gv
53 53 ACGHgRkID78Xj9whz8aW
54 54 g3om3SfQlDNeBgxoDCTH
55 55 neBaSRXcEXTjmZl5DwYe
56 56 7hwXQiHINBMuI0_QDJWY
57 57 bapi6MC35He2C21mHAJG
58 58 dP3RyzXmYpF_c6lMQtGz
59 59 oPLe3ILRf3N0Tn1xOMpc
60 60 Gt1uEh33I2p23FueMJGJ
61 61 MnUBehDqw6pq7m_WxccA
62 62 tIFDnmdLue4gaSWKLtig
63 63 Gzs_1BOPThVCgRDjon6h
64 64 kQsdbl_AsE9hUFVZaVqw
65 65 kBiSTu2V_AIHjRr9webZ
66 66 tABihGYkm2kkzsXw8GmO
67 67 E4eiiSKQVjrx7Nt5fOp1
68 68 3eNYLceYwpSUUxuvwgjB
69 69 kx98dNothDtk08iVX3p1
70 70 iIlfqWqbawFkulqzhXvY
71 71 boZgMtVMheCxCZ261zGX
72 72 oGVxNYs0FOaIqF76mfok
73 73 J4IbNTPjErM0Ch91yqAy
74 74 6zIbWUAshUr_PHXq0W_i
75 75 _s82Hqot4jbtpfFGh7h8
76 76 3F3H35AVv6EWpzQ1nrFl
77 77 mCgHecDqUuL8KzQZA96H
78 78 17VWozfysM40iiKdxLmB
79 79 4K4DahHsOorbiNChbvDZ
80 80 27hbPCGZFGNM8gHing4Y
81 81 T1fkhN2ZP7q8XZCGEx_d
82 82 ypyeKsnP8iRsEze7tuH3
83 83 XAhdp9XtWWbxe44rxPNo
84 84 QeUzHKioxCKezsvbhveK
85 85 gqrno60_CFphPbCnkzl6
86 86 SWjnH3Gq8tVkf9qQN6Rv
87 87 3uXUy36lfzfPOIb1o01J
88 88 jGvcVhXt644Qfa8mwrIA
89 89 uAB5dkvLE9Av960gSZM3
90 90 32CYNcqTwCBV24eXX_q6
91 91 Fv4HiuHYFvwLLXPrKf2G
92 92 O5gUT2TNZIZa6nBUzIbe
93 93 wG0x8LmDFBqRAnxCFfNd
94 94 oONVjBNBU2eml7XTu_xN
95 95 Od0v8q3njIeep7ssyVIc
96 96 _wUv179faA1MPzI4yLgW
97 97 _OO2q13iMLw2iOnFvHzW
98 98 QIa_5NtR1TD2KToNZiPE
99 99 zTd1D6fi_CHrf0YNKeLU
100 100 _D9GLzJqoSOk_RUVxt2D
101 101 eSKOByBnTA99w7IX2gKG
102 102 YFTFFrhCRFXle94gmdkA
103 103 DdzmTK7dlTXm9_hT7Hog
104 104 mC73eS5oXRTBFpht8xG_
105 105 nvqyOyj8aZs9q3Tqvbeo
106 106 3jM_2oPaiUwatSkO4dsS
107 107 jOJRhq4nigaeniSAMIoJ
108 108 2vGLDYnhU9hlf63XBBLb
109 109 HuV9MfoAq2sG2IyEq8SG
110 110 muSqRzzI3TS72B8PLw4G
111 111 2fgQry8D5iK9MpUuspRL
112 112 jfAWJ9ZqHAK2q9Yx_b0y
113 113 HAK_8qR732E8WicllIT7
114 114 HyldOdQusRNEhjaI4wA5
115 115 L59TkF9jHpROBzP97UnR
116 116 HSf7Gvy8ZT13607PK1hf
117 117 WUzb9WfWYxfsm_TtZjw9
118 118 akRIite0uoE7bkzeauRz
119 119 QrbXMFqZoDJlZ7K1iAZ_
120 120 5UiLnWIeOwUt1nwgxPyx
