task 1
task 2
task 3
1 TO DO #5 desenho
2 TO DO #12 desenvolvimento
3 TO DO #8 testes
