too many users
hcLxmopvMpXX9tryTkq3
SKtDTaTCIQzpB9HsCeOF
qQ6FwENKO1GxHqZzg27v
oAlg9on0AsQSHPAJrzHv
JSrnyNsy8Z7oZIBnjzyG
JtyoeP_0YGxyn2Jasyra
D9mGar_73JqnHLgFzug5
cgZRu7I6e1FjwWt1nKfC
QelZQLI_U0OXe_QKQQw7
z0BmFpyfDCNlP33SLwal
tuB_sABGNdZrmpF0xAH8
qEuohj2duYBKeDCdoUVj
PlDerlq1749UXyrBinz1
LXmIXUZeGTOyNct8PLEb
GfXGIcaS6PXHMO1yJYQm
NxP0svtndwhEWqkZUoHE
oWcU97iYUXMofjSSpMfm
lObO6qc01WB2uPhgSgAF
3rqdJN8EDNCYKEuJc_np
YTPK5yETem5Gh5xHNnu7
h_KEk7DvkygfAOoUvDSv
PM1PHLdnIHuvNtlaaKeF
2Rm7b6CZ7bsYbHW71NAs
fQshxOmttZ3ooC4jAVnY
lgBoFU6QPJqtosteyBvX
JMEkwmhAIPtEOQfIXx36
6cgZXpiOfiuvqHzUtfJ1
Xw9TAdUt4oxvZmGZlaNY
lG6vjovEdMD5YusyE3T9
4EVPQnt8buvcAaBK20MT
phIr6YAvH0mlPg76M4fw
RHHI9pDmEm0EwobTrRFV
L2Pu0i_eeZLrsZBalD85
QEw3QtnslCk9AseQm8gW
GBnDLYe52uqVk3qNwpKn
YptqWPFzI3tr4YvmoRNn
E1BG4POWmsxTX0P9w1VY
x8yG9HVEqyQ6njudNkir
0JFCBe9XiucB1jxlWSqW
ZBTosdL2o_CkrnIUmP7t
12DFq4x_nwO6sTvaeRl8
VGZL1hZ7sIrOuRgBWCDw
MK2xkdMhhwxIxPiR4qBW
Lws_z2XOl5VTMCNDcVgt
yg5HGjs54Ga9DLp6ToNG
bkVAnz16HSOq7aC1K2UD
Et4ce0K7XvM2kxpCBGDw
DVLlUfirhGZCHZcBZ9ig
iKlIcIqg8gnF86Rxu4Pc
HcoC_oGiOxHtj5P8eDF3
