task 1
task 2
task 3
task 4
task 5
1
2
3
4
5
1 IN PROGRESS #12 análise de requisitos
2 IN PROGRESS #8 desenho
5 IN PROGRESS #17 instalação
3 IN PROGRESS #34 realização
4 IN PROGRESS #24 teste
1 1 análise de requisitos
2 2 desenho
3 3 realização
4 4 teste
5 5 instalação
1 IN PROGRESS #12 análise de requisitos
2 IN PROGRESS #8 desenho
5 IN PROGRESS #17 instalação
3 IN PROGRESS #34 realização
4 IN PROGRESS #24 teste
