CWU1UYcuuZXhwjbI6sV0
k2ClgGZIUNW8RWP5P3XS
HKprNXjqbsLkkVTtubSd
SlxOrPmv9GrFXZKH1UB5
BECLJ0NIUgMH7sCgObD1
DyA_YWc8iWsXQTkObnqk
a86KxSDLq7JrY1l2Dpxx
MZnTdymRfeok4esu0xZd
s1XZL29fc14e5fgEP_y1
Myic0GwLQn4W1lIWROUx
VOtXMf_CxMFelrL9l_rd
1cxtXhwZgELm8uiBMXmd
bVtbYFz4CCxIxjSngRAT
e16xbzJf_Lo2DSW0PixS
OTh26dxKMbU0A6gTpu8t
UDBGCSsq48KdHHMmtsWo
cTR8rxrH_RJv8vusIRpj
uquo84npdvTeAer556lS
iIg3CRl2vjP3xvX5HB_z
1ihGhh8rw26Q7n80XUHI
O_BdRAwyJiHX0UPuI9Bv
syRf3jNWIBwEcpCtwEuh
D8u1wMIGUNhB6LQyo7ma
VQZmiGOgHR94UH69lMsc
nbN3g9aMRx0odm9Zn1Lj
eW4mDorVPE3U0H1OcsHr
ciXaUoon1ZJfIT_lvinE
90w9lZKBDhgP2xhJXq51
Xo9NsZnsL7NYyx6lXrJb
tMhrlKq6dvw4ORQnxxlB
pJLSL11XWRa6qVWUZC2s
trnJzekuSCXUTPx5bBtu
ZEwpK_INR8Bvsgaw82zF
h_GdFSKJtYurofb5itgH
VDVeGC2WNNWrJWUVicne
cuwz8QT98eY52ISR5nCf
VumydBuT5M5_xfSqi_R_
rXHJfyzDKqxvkzV8QVZh
ZOnQ2tIn2Jfp12U4NtQr
KzbmrKQphoSM0xJezKDE
elSifpEMKN3K6_7Csh4b
rbtLHn4IhwLGhiAPOQRm
jJRHrLl0PgYwN_Xd97zu
ruKr1h6oomp5YwTA1Nhq
p_S_2QwY4HegxMx376KZ
vozQYTHY_iGzclnhxhhr
xdsshjwu_f3D917O6iZZ
Ikk3Aw8ZpZPY3CJSNWxH
vZC3vebxq9Je_94ihInR
T0M7tYy8mulumYzqS_YE
