task 1
task 2
task 3
task 4
task 5
1 0 análise de requisitos
2 0 desenho
5 0 instalação
3 0 realização
4 0 teste
