task 1
task 2
task 3
task 4
task 5
5 TO DO #17 instalação
4 TO DO #24 teste
3 TO DO #34 realização
2 TO DO #8 desenho
1 TO DO #12 análise de requisitos
