task 1
1 TO DO #1 tarefa	com	descrição	com	tabs	e	acentos
